container-init: cgroup-v2 unavailable (mkdir /sys/fs/cgroup/container-init: mkdir /sys/fs/cgroup/container-init: read-only file system); falling back to PGID kill path
container-init: unit audio-in.socket: skipped (ConditionEnvironment=KASM_VNC=1 (have "0", want "1"))
container-init: unit audio-out-ws.socket: skipped (ConditionEnvironment=KASM_VNC=1 (have "0", want "1"))
container-init: unit gamepad.socket: skipped (ConditionEnvironment=KASM_VNC=1 (have "0", want "1"))
container-init: unit upload.socket: skipped (ConditionEnvironment=KASM_VNC=1 (have "0", want "1"))
container-init: unit webcam.socket: skipped (ConditionPathExists=/dev/video0 unmet)
container-init: unit audio-in.service: skipped (ConditionEnvironment=KASM_VNC=1 (have "0", want "1"))
container-init: unit audio-out-ws.service: skipped (ConditionEnvironment=KASM_VNC=1 (have "0", want "1"))
container-init: unit audio-out.service: skipped (ConditionEnvironment=KASM_VNC=1 (have "0", want "1"))
container-init: unit gamepad.service: skipped (ConditionEnvironment=KASM_VNC=1 (have "0", want "1"))
container-init: unit profile-pull.service: skipped (ConditionEnvironment=KASM_PROFILE_PULL=1 (have "0", want "1"))
container-init: unit kasmvnc.service: skipped (ConditionEnvironment=KASM_VNC=1 (have "0", want "1"))
container-init: unit pcscd.service: skipped (ConditionEnvironment=KASM_VNC=1 (have "0", want "1"))
container-init: unit printer.service: skipped (ConditionEnvironment=KASM_VNC=1 (have "0", want "1"))
container-init: unit recorder-drain.service: skipped (ConditionEnvironment=KASM_SVC_RECORDER=1 (have "", want "1"))
container-init: unit smartcard.service: skipped (ConditionEnvironment=KASM_VNC=1 (have "0", want "1"))
container-init: unit upload.service: skipped (ConditionEnvironment=KASM_VNC=1 (have "0", want "1"))
container-init: unit webcam.service: skipped (ConditionPathExists=/dev/video0 unmet)
container-init: unit window-manager.service: skipped (ConditionEnvironment=KASM_VNC=1 (have "0", want "1"))
container-init: unit custom-startup.service: skipped (ConditionPathExists=/dockerstartup/custom_startup.sh unmet)
container-init: unit profile-size-check.service: skipped (ConditionEnvironment=KASM_PROFILE_PULL=1 (have "0", want "1"))
container-init: unit recorder-watch.service: skipped (ConditionEnvironment=KASM_SVC_RECORDER=1 (have "", want "1"))
