container-init: cgroup-v2 unavailable (mkdir /sys/fs/cgroup/container-init: mkdir /sys/fs/cgroup/container-init: read-only file system); falling back to PGID kill path
getpass error: Inappropriate ioctl for device
chmod: cannot access '/home/kasm-user/.kasmpasswd': No such file or directory

Xvnc KasmVNC 1.4.1.338faef7df32eae84039fd3f0e4c49c176274573 - built Dec  2 2025 10:29:47
Copyright (C) 1999-2018 KasmVNC Team and many others (see README.me)
See http://kasmweb.com for information on KasmVNC.
Underlying X server release 12101012

 2026-05-03 18:57:02,326 [INFO] ICE: Querying public IP...
 2026-05-03 18:57:02,364 [INFO] ICE: My public IP is 87.254.0.133
 2026-05-03 18:57:02,364 [INFO] vncext: VNC extension running!
 2026-05-03 18:57:02,365 [INFO] vncext: Listening for websocket connections on 0.0.0.0 interface(s), port 6901
 2026-05-03 18:57:02,365 [INFO] VNCServerST: CPU capability: SSE2 no, SSE4.1 no, SSE4.2 no, AVX512f no
 2026-05-03 18:57:02,365 [INFO] vncext: created VNC server for screen 0
The XKEYBOARD keymap compiler (xkbcomp) reports:
> Warning:          Could not resolve keysym XF86CameraAccessEnable
> Warning:          Could not resolve keysym XF86CameraAccessDisable
> Warning:          Could not resolve keysym XF86CameraAccessToggle
> Warning:          Could not resolve keysym XF86NextElement
> Warning:          Could not resolve keysym XF86PreviousElement
> Warning:          Could not resolve keysym XF86AutopilotEngageToggle
> Warning:          Could not resolve keysym XF86MarkWaypoint
> Warning:          Could not resolve keysym XF86Sos
> Warning:          Could not resolve keysym XF86NavChart
> Warning:          Could not resolve keysym XF86FishingChart
> Warning:          Could not resolve keysym XF86SingleRangeRadar
> Warning:          Could not resolve keysym XF86DualRangeRadar
> Warning:          Could not resolve keysym XF86RadarOverlay
> Warning:          Could not resolve keysym XF86TraditionalSonar
> Warning:          Could not resolve keysym XF86ClearvuSonar
> Warning:          Could not resolve keysym XF86SidevuSonar
> Warning:          Could not resolve keysym XF86NavInfo
Errors from xkbcomp are not fatal to the X server
 2026-05-03 18:57:02,391 [INFO] Input: Mouse horizonatl scroll factor: 50.000000
 2026-05-03 18:57:02,391 [INFO] Input: Mouse vertical scroll factor: 50.000000
[mi] mieq: warning: overriding existing handler (nil) with 0xaaaab0e25a40 for event 2
[mi] mieq: warning: overriding existing handler (nil) with 0xaaaab0e25a40 for event 3
