container-init: cgroup-v2 unavailable (mkdir /sys/fs/cgroup/container-init: mkdir /sys/fs/cgroup/container-init: read-only file system); falling back to PGID kill path
container-init: socket audio-in.socket: bound tcp/:4901 -> audio-in.service (mode=proxy)
container-init: socket audio-out-ws.socket: bound tcp/:8081 -> audio-out-ws.service (mode=proxy)
container-init: socket gamepad.socket: bound tcp/:4903 -> gamepad.service (mode=proxy)
container-init: socket upload.socket: bound tcp/:4902 -> upload.service (mode=native)
container-init: unit webcam.socket: skipped (ConditionPathExists=/dev/video0 unmet)
container-init: unit audio-in.service: socket-activated (driven by attached .socket)
container-init: unit audio-out-ws.service: socket-activated (driven by attached .socket)
container-init: unit gamepad.service: socket-activated (driven by attached .socket)
container-init: unit profile-pull.service: skipped (ConditionEnvironment=KASM_PROFILE_PULL=1 (have "0", want "1"))
container-init: unit recorder-drain.service: skipped (ConditionEnvironment=KASM_SVC_RECORDER=1 (have "", want "1"))
container-init: unit upload.service: socket-activated (driven by attached .socket)
container-init: unit webcam.service: skipped (ConditionPathExists=/dev/video0 unmet)
container-init: unit custom-startup.service: skipped (ConditionPathExists=/dockerstartup/custom_startup.sh unmet)
container-init: unit profile-size-check.service: skipped (ConditionEnvironment=KASM_PROFILE_PULL=1 (have "0", want "1"))
container-init: unit recorder-watch.service: skipped (ConditionEnvironment=KASM_SVC_RECORDER=1 (have "", want "1"))
/usr/bin/startxfce4: X server already running on display :1
xrdb: Connection refused
xrdb: Can't open display ':1'
xfce4-session: Cannot open display: .
Type 'xfce4-session --help' for usage.
